usage: iniphile file format query [default]
 format:
  a - array, items terminated with '\0'
  b - bool
  d - double
  l - long
  s - string
